petsc_compile_run_mcp_server.py servermainfirst() successfully completed setting up logging with stdio
Verifying PETSc libraries work
Verifed PETSc libraries work
servermainlast() starting up stdio based server
ls() request received: 

Processing bash command: ls

Result of bash command:
adv1d.c
advection
advection1d
advection1d.c
advection1d_ssp
advection1d_ssp.c
advection.c
ex_advection
ex_advection.c
grad_shafranov
gradshafranov
grad_shafranov.c
gradshafranov.c
gs_mms
gs_mms.c
gs_solov
gs_solov.c
hello
hello.c
makefile
mcp_bad.c
mcp_smoke
mcp_smoke.c
mytest
mytest.c
numsquares
numsquares.c
squares
squares.c


create_file_from_string() request received: gs_tokamak.c

Created file gs_tokamak.c

make() request received: gs_tokamak

Processing bash command: make gs_tokamak

Error running bash command return code 2:
/home/sarthak.sharma/petsc/arch-linux-c-opt/bin/mpicc -Wall -Wwrite-strings -Wno-unknown-pragmas -Wno-lto-type-mismatch -Wno-stringop-overflow -fstack-protector -fvisibility=hidden -O3 -march=native  -I/home/sarthak.sharma/petsc/include -I/home/sarthak.sharma/petsc/arch-linux-c-opt/include     -Wl,-export-dynamic gs_tokamak.c   -Wl,-rpath,/home/sarthak.sharma/petsc/arch-linux-c-opt/lib -L/home/sarthak.sharma/petsc/arch-linux-c-opt/lib -Wl,-rpath,/usr/lib/gcc/x86_64-linux-gnu/13 -L/usr/lib/gcc/x86_64-linux-gnu/13 -lpetsc -lsuperlu_dist -llapack -lblas -lparmetis -lmetis -ltriangle -lm -lX11 -lmpifort -lmpi -lgfortran -lm -lgfortran -lm -lgcc_s -lquadmath -lstdc++  -o gs_tokamak

In file included from /home/sarthak.sharma/petsc/include/petscsys.h:1332,
                 from /home/sarthak.sharma/petsc/include/petscsection.h:3,
                 from /home/sarthak.sharma/petsc/include/petscdmplex.h:6,
                 from gs_tokamak.c:6:
gs_tokamak.c: In function ‘CreateMesh’:
gs_tokamak.c:68:93: warning: passing argument 9 of ‘DMPlexCreateBoxMesh’ makes integer from pointer without a cast [-Wint-conversion]
   68 |   PetscCall(DMPlexCreateBoxMesh(comm, 2, PETSC_TRUE, cells, lower, upper, NULL, PETSC_TRUE, dm));
      |                                                                                             ^~
      |                                                                                             |
      |                                                                                             struct _p_DM **
/home/sarthak.sharma/petsc/include/petscerror.h:558:28: note: in definition of macro ‘PetscCall’
  558 |       ierr_petsc_call_q_ = __VA_ARGS__; \
      |                            ^~~~~~~~~~~
/home/sarthak.sharma/petsc/include/petscdmplex.h:183:171: note: expected ‘PetscInt’ {aka ‘int’} but argument is of type ‘struct _p_DM **’
  183 | PETSC_EXTERN PetscErrorCode DMPlexCreateBoxMesh(MPI_Comm, PetscInt, PetscBool, const PetscInt[], const PetscReal[], const PetscReal[], const DMBoundaryType[], PetscBool, PetscInt, PetscBool, DM *);
      |                                                                                                                                                                           ^~~~~~~~
gs_tokamak.c:68:13: error: too few arguments to function ‘DMPlexCreateBoxMesh’
   68 |   PetscCall(DMPlexCreateBoxMesh(comm, 2, PETSC_TRUE, cells, lower, upper, NULL, PETSC_TRUE, dm));
      |             ^~~~~~~~~~~~~~~~~~~
/home/sarthak.sharma/petsc/include/petscerror.h:558:28: note: in definition of macro ‘PetscCall’
  558 |       ierr_petsc_call_q_ = __VA_ARGS__; \
      |                            ^~~~~~~~~~~
/home/sarthak.sharma/petsc/include/petscdmplex.h:183:29: note: declared here
  183 | PETSC_EXTERN PetscErrorCode DMPlexCreateBoxMesh(MPI_Comm, PetscInt, PetscBool, const PetscInt[], const PetscReal[], const PetscReal[], const DMBoundaryType[], PetscBool, PetscInt, PetscBool, DM *);
      |                             ^~~~~~~~~~~~~~~~~~~
make: *** [/home/sarthak.sharma/petsc/lib/petsc/conf/rules:218: gs_tokamak] Error 1


create_file_from_string() request received: gs_tokamak.c

Created file gs_tokamak.c

make() request received: gs_tokamak

Processing bash command: make gs_tokamak

Result of bash command:
/home/sarthak.sharma/petsc/arch-linux-c-opt/bin/mpicc -Wall -Wwrite-strings -Wno-unknown-pragmas -Wno-lto-type-mismatch -Wno-stringop-overflow -fstack-protector -fvisibility=hidden -O3 -march=native  -I/home/sarthak.sharma/petsc/include -I/home/sarthak.sharma/petsc/arch-linux-c-opt/include     -Wl,-export-dynamic gs_tokamak.c   -Wl,-rpath,/home/sarthak.sharma/petsc/arch-linux-c-opt/lib -L/home/sarthak.sharma/petsc/arch-linux-c-opt/lib -Wl,-rpath,/usr/lib/gcc/x86_64-linux-gnu/13 -L/usr/lib/gcc/x86_64-linux-gnu/13 -lpetsc -lsuperlu_dist -llapack -lblas -lparmetis -lmetis -ltriangle -lm -lX11 -lmpifort -lmpi -lgfortran -lm -lgfortran -lm -lgcc_s -lquadmath -lstdc++  -o gs_tokamak


run_executable() request received: gs_tokamak

Attempt to run executable: ./gs_tokamak 

Successfully ran executable
git_grep_petsc_repository() request received: DMPlexIsSimplex(DM

create_file_from_string() request received: gs_tokamak.c

Created file gs_tokamak.c

make() request received: gs_tokamak

Processing bash command: make gs_tokamak

Result of bash command:
/home/sarthak.sharma/petsc/arch-linux-c-opt/bin/mpicc -Wall -Wwrite-strings -Wno-unknown-pragmas -Wno-lto-type-mismatch -Wno-stringop-overflow -fstack-protector -fvisibility=hidden -O3 -march=native  -I/home/sarthak.sharma/petsc/include -I/home/sarthak.sharma/petsc/arch-linux-c-opt/include     -Wl,-export-dynamic gs_tokamak.c   -Wl,-rpath,/home/sarthak.sharma/petsc/arch-linux-c-opt/lib -L/home/sarthak.sharma/petsc/arch-linux-c-opt/lib -Wl,-rpath,/usr/lib/gcc/x86_64-linux-gnu/13 -L/usr/lib/gcc/x86_64-linux-gnu/13 -lpetsc -lsuperlu_dist -llapack -lblas -lparmetis -lmetis -ltriangle -lm -lX11 -lmpifort -lmpi -lgfortran -lm -lgfortran -lm -lgcc_s -lquadmath -lstdc++  -o gs_tokamak


run_executable() request received: gs_tokamak

Attempt to run executable: ./gs_tokamak 

Successfully ran executable
